// Jest Snapshot v1, https://goo.gl/fbAQLP

exports[`when subdomain entity domain item has duplicate should have validation failure -> message 1`] = `"Subdomain Entity Domain Item 'DomainEntityName' has a duplicate Domain Item."`;

exports[`when subdomain entity domain item has duplicate should have validation failure -> message 2`] = `"Subdomain Entity Domain Item 'DomainEntityName' has a duplicate Domain Item."`;

exports[`when subdomain entity domain item has duplicate should have validation failure -> message 3`] = `"Subdomain Entity Domain Item 'DomainEntityName2' has a duplicate Domain Item."`;

exports[`when subdomain entity domain item has duplicate should have validation failure -> sourceMap 1`] = `undefined`;

exports[`when subdomain entity domain item has duplicate should have validation failure -> sourceMap 2`] = `undefined`;

exports[`when subdomain entity domain item has duplicate should have validation failure -> sourceMap 3`] = `undefined`;
