// Jest Snapshot v1, https://goo.gl/fbAQLP

exports[`when common domain item has no matching top level entity should have validation failure -> message 1`] = `"Inline Common Domain Item property 'InlineCommonDomainItemName' does not match any declared Inline Common."`;

exports[`when common domain item has no matching top level entity should have validation failure -> sourceMap 1`] = `undefined`;
