// Jest Snapshot v1, https://goo.gl/fbAQLP

exports[`when validating integer property matches common string -> message 1`] = `"integer EntityName has the same name as a Common String."`;

exports[`when validating integer property matches common string -> sourceMap 1`] = `
Object {
  "column": 12,
  "line": 8,
  "tokenText": "EntityName",
}
`;
