// Jest Snapshot v1, https://goo.gl/fbAQLP

exports[`when map type enumeration items have duplicate short descriptions should have validation failure -> message 1`] = `"Descriptor EntityName declares duplicate item ShortDescription. "`;

exports[`when map type enumeration items have duplicate short descriptions should have validation failure -> sourceMap 1`] = `
Object {
  "column": 2,
  "line": 2,
  "tokenText": "Descriptor",
}
`;

exports[`when map type enumeration items have multiple duplicate short descriptions should have validation failure-> message 1`] = `"Descriptor EntityName declares duplicate items ShortDescription1, ShortDescription2. "`;

exports[`when map type enumeration items have multiple duplicate short descriptions should have validation failure-> sourceMap 1`] = `
Object {
  "column": 2,
  "line": 2,
  "tokenText": "Descriptor",
}
`;
